// Jest Snapshot v1, https://goo.gl/fbAQLP

exports[`Movie should render Movie 1`] = `
<div
  className="MuiPaper-root MuiCard-root makeStyles-root-1 MuiPaper-elevation1 MuiPaper-rounded"
>
  <div
    className="MuiCardActions-root MuiCardActions-spacing"
  >
    <button
      aria-label="add to favorites"
      className="MuiButtonBase-root MuiIconButton-root"
      disabled={false}
      onBlur={[Function]}
      onClick={[Function]}
      onDragLeave={[Function]}
      onFocus={[Function]}
      onKeyDown={[Function]}
      onKeyUp={[Function]}
      onMouseDown={[Function]}
      onMouseLeave={[Function]}
      onMouseUp={[Function]}
      onTouchEnd={[Function]}
      onTouchMove={[Function]}
      onTouchStart={[Function]}
      tabIndex={0}
      type="button"
    >
      <span
        className="MuiIconButton-label"
      />
    </button>
    <button
      className="MuiButtonBase-root MuiIconButton-root"
      disabled={false}
      onBlur={[Function]}
      onClick={[Function]}
      onDragLeave={[Function]}
      onFocus={[Function]}
      onKeyDown={[Function]}
      onKeyUp={[Function]}
      onMouseDown={[Function]}
      onMouseLeave={[Function]}
      onMouseUp={[Function]}
      onTouchEnd={[Function]}
      onTouchMove={[Function]}
      onTouchStart={[Function]}
      tabIndex={0}
      type="button"
    >
      <span
        className="MuiIconButton-label"
      />
    </button>
     
    <p
      className="MuiTypography-root MuiTypography-body2 MuiTypography-colorTextSecondary"
    >
      Votes: 
          Rating: 
    </p>
  </div>
  <div
    className="MuiCardContent-root"
  >
    <h2
      className="MuiTypography-root MuiTypography-h5"
    >
      avengers
    </h2>
    <p
      className="MuiTypography-root MuiTypography-body2 MuiTypography-colorTextSecondary"
    >
      avengers
    </p>
  </div>
</div>
`;
